src/data/srd/spells.ts(711,66): error TS1002: Unterminated string literal.
src/data/srd/spells.ts(712,3): error TS1005: ',' expected.
src/data/srd/spells.ts(1557,3): error TS1136: Property assignment expected.
src/data/srd/spells.ts(1928,3): error TS1136: Property assignment expected.
